// Jest Snapshot v1, https://goo.gl/fbAQLP

exports[`Renders upload demo correctly 1`] = `
<div>
  <span
    class=""
  >
    <div
      class="fishd-upload fishd-upload-select fishd-upload-select-text"
      style="display:"
    />
    <div
      class="fishd-upload-tip"
    >
      这里是上传提示
    </div>
    <div
      class="fishd-upload-list fishd-upload-list-text"
    >
      <div
        class="fishd-upload-list-item fishd-upload-list-item-done"
      >
        <div
          class="fishd-upload-list-item-info"
        >
          <span>
            <i
              class="fishdicon fishdicon-clip-line"
            />
            <span
              class="fishd-upload-list-item-name"
              title="xxx.png"
            >
              xxx.png
            </span>
          </span>
        </div>
        <i
          class="fishdicon fishdicon-hints-alone-error"
          title="移除文件"
        />
      </div>
      <div
        class="fishd-upload-list-item fishd-upload-list-item-done"
      >
        <div
          class="fishd-upload-list-item-info"
        >
          <span>
            <i
              class="fishdicon fishdicon-clip-line"
            />
            <span
              class="fishd-upload-list-item-name"
              title="yyy.png"
            >
              yyy.png
            </span>
          </span>
        </div>
        <i
          class="fishdicon fishdicon-hints-alone-error"
          title="移除文件"
        />
      </div>
    </div>
  </span>
  <div
    class="clearfix"
  >
    <span
      class=""
    >
      <div
        class="fishd-upload-list fishd-upload-list-picture-card"
      >
        <div
          class="fishd-upload-list-item fishd-upload-list-item-done"
        >
          <div
            class="fishd-upload-list-item-info"
          >
            <span>
              <a
                class="fishd-upload-list-item-thumbnail"
                href="//ysf.qiyukf.net/3df2280d2319678a091138b0bbba82fe"
                rel="noopener noreferrer"
                target="_blank"
              >
                <img
                  alt="xxx.png"
                  src="//ysf.qiyukf.net/3df2280d2319678a091138b0bbba82fe"
                />
              </a>
              <a
                class="fishd-upload-list-item-name"
                href="//ysf.qiyukf.net/3df2280d2319678a091138b0bbba82fe"
                rel="noopener noreferrer"
                target="_blank"
                title="xxx.png"
              >
                xxx.png
              </a>
            </span>
          </div>
          <span
            class="fishd-upload-list-item-actions"
          >
            <a
              href="//ysf.qiyukf.net/3df2280d2319678a091138b0bbba82fe"
              rel="noopener noreferrer"
              target="_blank"
              title="预览文件"
            >
              <i
                class="fishdicon fishdicon-watch-line"
              />
            </a>
            <i
              class="fishdicon fishdicon-delete-line"
              title="移除文件"
            />
          </span>
        </div>
      </div>
      <div
        class="fishd-upload fishd-upload-select fishd-upload-select-picture-card"
        style="display:"
      />
      <div
        class="fishd-upload-tip"
      >
        这里是上传提示
      </div>
    </span>
  </div>
  <span
    class=""
  >
    <div
      class="fishd-upload fishd-upload-drag"
    />
    <div
      class="fishd-upload-tip"
    >
      这里是上传提示
    </div>
    <div
      class="fishd-upload-list fishd-upload-list-text"
    />
  </span>
  <span
    class=""
  >
    <div
      class="fishd-upload fishd-upload-select fishd-upload-select-text"
      style="display:"
    />
    <div
      class="fishd-upload-tip"
    >
      这里是上传提示
    </div>
    <div>
      <div
        class="fishd-upload-list-scroll-info"
      >
        <span>
          已上传 7 项
        </span>
        <span
          class="fishd-upload-list-scroll-delete-all"
        >
          全部删除
        </span>
      </div>
      <div
        class="fishd-upload-list fishd-upload-list-text fishd-upload-list-scroll"
        style="height:132px"
      >
        <div
          class="fishd-upload-list-item fishd-upload-list-item-done"
        >
          <div
            class="fishd-upload-list-item-info"
          >
            <span>
              <i
                class="fishdicon fishdicon-clip-line"
              />
              <span
                class="fishd-upload-list-item-name"
                title="xxx.png"
              >
                xxx.png
              </span>
            </span>
          </div>
          <i
            class="fishdicon fishdicon-hints-alone-error"
            title="移除文件"
          />
        </div>
        <div
          class="fishd-upload-list-item fishd-upload-list-item-done"
        >
          <div
            class="fishd-upload-list-item-info"
          >
            <span>
              <i
                class="fishdicon fishdicon-clip-line"
              />
              <span
                class="fishd-upload-list-item-name"
                title="yyy.png"
              >
                yyy.png
              </span>
            </span>
          </div>
          <i
            class="fishdicon fishdicon-hints-alone-error"
            title="移除文件"
          />
        </div>
        <div
          class="fishd-upload-list-item fishd-upload-list-item-error"
        >
          <div
            class="fishd-upload-list-item-info"
          >
            <span>
              <i
                class="fishdicon fishdicon-clip-line"
              />
              <span
                class="fishd-upload-list-item-name"
                title="zzz.png"
              >
                zzz.png
              </span>
            </span>
          </div>
          <i
            class="fishdicon fishdicon-hints-alone-error"
            title="移除文件"
          />
        </div>
        <div
          class="fishd-upload-list-item fishd-upload-list-item-done"
        >
          <div
            class="fishd-upload-list-item-info"
          >
            <span>
              <i
                class="fishdicon fishdicon-clip-line"
              />
              <span
                class="fishd-upload-list-item-name"
                title="xxx.png"
              >
                xxx.png
              </span>
            </span>
          </div>
          <i
            class="fishdicon fishdicon-hints-alone-error"
            title="移除文件"
          />
        </div>
        <div
          class="fishd-upload-list-item fishd-upload-list-item-done"
        >
          <div
            class="fishd-upload-list-item-info"
          >
            <span>
              <i
                class="fishdicon fishdicon-clip-line"
              />
              <span
                class="fishd-upload-list-item-name"
                title="yyy.png"
              >
                yyy.png
              </span>
            </span>
          </div>
          <i
            class="fishdicon fishdicon-hints-alone-error"
            title="移除文件"
          />
        </div>
        <div
          class="fishd-upload-list-item fishd-upload-list-item-done"
        >
          <div
            class="fishd-upload-list-item-info"
          >
            <span>
              <i
                class="fishdicon fishdicon-clip-line"
              />
              <span
                class="fishd-upload-list-item-name"
                title="xxx.png"
              >
                xxx.png
              </span>
            </span>
          </div>
          <i
            class="fishdicon fishdicon-hints-alone-error"
            title="移除文件"
          />
        </div>
        <div
          class="fishd-upload-list-item fishd-upload-list-item-done"
        >
          <div
            class="fishd-upload-list-item-info"
          >
            <span>
              <i
                class="fishdicon fishdicon-clip-line"
              />
              <span
                class="fishd-upload-list-item-name"
                title="yyy.png"
              >
                yyy.png
              </span>
            </span>
          </div>
          <i
            class="fishdicon fishdicon-hints-alone-error"
            title="移除文件"
          />
        </div>
      </div>
    </div>
  </span>
  <span
    class="avatar-uploader"
  >
    <div
      class="fishd-upload fishd-upload-select fishd-upload-select-picture-card"
      style="display:"
    />
    <div
      class="fishd-upload-tip"
    >
      这里是上传提示
    </div>
  </span>
  <span
    class=""
  >
    <div
      class="fishd-upload fishd-upload-select fishd-upload-select-text"
      style="display:"
    />
    <div
      class="fishd-upload-tip"
    >
      这里是上传提示
    </div>
    <div
      class="fishd-upload-list fishd-upload-list-text"
    >
      <div
        class="fishd-upload-list-item fishd-upload-list-item-done"
      >
        <div
          class="fishd-upload-list-item-info"
        >
          <span>
            <i
              class="fishdicon fishdicon-clip-line"
            />
            <span
              class="fishd-upload-list-item-name"
              title="xxx.png"
            >
              xxx.png
            </span>
          </span>
        </div>
        <i
          class="fishdicon fishdicon-hints-alone-error"
          title="移除文件"
        />
      </div>
    </div>
  </span>
  <div>
    <span
      class=""
    >
      <div
        class="fishd-upload fishd-upload-select fishd-upload-select-picture"
        style="display:"
      />
      <div
        class="fishd-upload-tip"
      >
        这里是上传提示
      </div>
      <div
        class="fishd-upload-list fishd-upload-list-picture"
      >
        <div
          class="fishd-upload-list-item fishd-upload-list-item-done"
        >
          <div
            class="fishd-upload-list-item-info"
          >
            <span>
              <a
                class="fishd-upload-list-item-thumbnail"
                href="//ysf.qiyukf.net/3df2280d2319678a091138b0bbba82fe"
                rel="noopener noreferrer"
                target="_blank"
              >
                <img
                  alt="xxx.png"
                  src="//ysf.qiyukf.net/3df2280d2319678a091138b0bbba82fe"
                />
              </a>
              <a
                class="fishd-upload-list-item-name"
                href="//ysf.qiyukf.net/3df2280d2319678a091138b0bbba82fe"
                rel="noopener noreferrer"
                target="_blank"
                title="xxx.png"
              >
                xxx.png
              </a>
            </span>
          </div>
          <i
            class="fishdicon fishdicon-hints-alone-error"
            title="移除文件"
          />
        </div>
        <div
          class="fishd-upload-list-item fishd-upload-list-item-done"
        >
          <div
            class="fishd-upload-list-item-info"
          >
            <span>
              <i
                class="fishdicon fishdicon-image-line fishd-upload-list-item-thumbnail"
              />
              <span
                class="fishd-upload-list-item-name"
                title="yyy.png"
              >
                yyy.png
              </span>
            </span>
          </div>
          <i
            class="fishdicon fishdicon-hints-alone-error"
            title="移除文件"
          />
        </div>
      </div>
    </span>
    <br />
    <br />
    <span
      class="upload-list-inline"
    >
      <div
        class="fishd-upload fishd-upload-select fishd-upload-select-picture"
        style="display:"
      />
      <div
        class="fishd-upload-tip"
      >
        这里是上传提示
      </div>
      <div
        class="fishd-upload-list fishd-upload-list-picture"
      >
        <div
          class="fishd-upload-list-item fishd-upload-list-item-done"
        >
          <div
            class="fishd-upload-list-item-info"
          >
            <span>
              <a
                class="fishd-upload-list-item-thumbnail"
                href="//ysf.qiyukf.net/3df2280d2319678a091138b0bbba82fe"
                rel="noopener noreferrer"
                target="_blank"
              >
                <img
                  alt="xxx.png"
                  src="//ysf.qiyukf.net/3df2280d2319678a091138b0bbba82fe"
                />
              </a>
              <a
                class="fishd-upload-list-item-name"
                href="//ysf.qiyukf.net/3df2280d2319678a091138b0bbba82fe"
                rel="noopener noreferrer"
                target="_blank"
                title="xxx.png"
              >
                xxx.png
              </a>
            </span>
          </div>
          <i
            class="fishdicon fishdicon-hints-alone-error"
            title="移除文件"
          />
        </div>
        <div
          class="fishd-upload-list-item fishd-upload-list-item-done"
        >
          <div
            class="fishd-upload-list-item-info"
          >
            <span>
              <i
                class="fishdicon fishdicon-image-line fishd-upload-list-item-thumbnail"
              />
              <span
                class="fishd-upload-list-item-name"
                title="yyy.png"
              >
                yyy.png
              </span>
            </span>
          </div>
          <i
            class="fishdicon fishdicon-hints-alone-error"
            title="移除文件"
          />
        </div>
      </div>
    </span>
  </div>
  <div>
    <span
      class=""
    >
      <div
        class="fishd-upload fishd-upload-select fishd-upload-select-text"
        style="display:"
      />
      <div
        class="fishd-upload-tip"
      >
        这里是上传提示
      </div>
      <div
        class="fishd-upload-list fishd-upload-list-text"
      />
    </span>
    <button
      class="fishd-btn upload-demo-start fishd-btn-primary"
      disabled=""
      type="button"
    >
      <span>
        开始上传
      </span>
    </button>
  </div>
</div>
`;
