// Jest Snapshot v1, https://goo.gl/fbAQLP

exports[`Renders audioPlayer demo correctly 1`] = `
<div>
  <div
    style="width:400px"
  >
    <div
      class="fishd-audio-player"
    >
      <div
        class="fishd-audio-player-wrap"
        title="这是一个demo"
      >
        <div
          class="audio-box"
        >
          <audio
            preload="metadata"
            src="//ysf.qiyukf.net/26952087D69B79839F17040A5DC2E775.wav"
            volume="1"
          >
            您的浏览器不支持 audio 标签。
          </audio>
        </div>
        <div
          class="box pause-play-box pause-play-box-enable"
        >
          <i
            class="fishdicon fishdicon-play handle-audio-icon pause-play"
          />
        </div>
        <div
          class="box step-box"
        >
          <div
            class="fishd-slider"
          >
            <div
              class="fishd-slider-all-handle"
              style="position:absolute"
            />
            <div
              class="fishd-slider-rail"
            />
            <div
              class="fishd-slider-track"
              style="left:0%;width:NaN%"
            />
            <div
              class="fishd-slider-step"
            />
            <div
              aria-disabled="false"
              aria-valuemax="0"
              aria-valuemin="0"
              aria-valuenow="0"
              class="fishd-slider-handle"
              role="slider"
              style="left:NaN%"
              tabindex="0"
            />
            <div
              class="fishd-slider-mark"
            />
          </div>
        </div>
        <div
          class="box time-box"
        >
          <span
            class="current"
          >
            0:00 / 0:00
          </span>
        </div>
        <div
          class="box volume-box"
        >
          <i
            class="fishdicon fishdicon-sound-loud handle-audio-icon control-volume"
          />
        </div>
      </div>
    </div>
  </div>
  <div
    style="width:400px"
  >
    <div
      class="fishd-radio-group fishd-radio-group-outline"
    >
      <label
        class="fishd-radio-button-wrapper fishd-radio-button-wrapper-checked"
      >
        <span
          class="fishd-radio-button fishd-radio-button-checked"
        >
          <input
            checked=""
            class="fishd-radio-button-input"
            type="radio"
            value="default"
          />
          <span
            class="fishd-radio-button-inner"
          />
        </span>
        <span>
          Default
        </span>
      </label>
      <label
        class="fishd-radio-button-wrapper"
      >
        <span
          class="fishd-radio-button"
        >
          <input
            class="fishd-radio-button-input"
            type="radio"
            value="small"
          />
          <span
            class="fishd-radio-button-inner"
          />
        </span>
        <span>
          Small
        </span>
      </label>
    </div>
    <br />
    <br />
    <div
      class="fishd-audio-player"
    >
      <div
        class="fishd-audio-player-wrap"
        title="这是一个demo"
      >
        <div
          class="audio-box"
        >
          <audio
            preload="metadata"
            src="//ysf.qiyukf.net/26952087D69B79839F17040A5DC2E775.wav"
            volume="1"
          >
            您的浏览器不支持 audio 标签。
          </audio>
        </div>
        <div
          class="box pause-play-box pause-play-box-enable"
        >
          <i
            class="fishdicon fishdicon-play handle-audio-icon pause-play"
          />
        </div>
        <div
          class="box step-box"
        >
          <div
            class="fishd-slider"
          >
            <div
              class="fishd-slider-all-handle"
              style="position:absolute"
            />
            <div
              class="fishd-slider-rail"
            />
            <div
              class="fishd-slider-track"
              style="left:0%;width:NaN%"
            />
            <div
              class="fishd-slider-step"
            />
            <div
              aria-disabled="false"
              aria-valuemax="0"
              aria-valuemin="0"
              aria-valuenow="0"
              class="fishd-slider-handle"
              role="slider"
              style="left:NaN%"
              tabindex="0"
            />
            <div
              class="fishd-slider-mark"
            />
          </div>
        </div>
        <div
          class="box time-box"
        >
          <span
            class="current"
          >
            0:00 / 0:00
          </span>
        </div>
        <div
          class="box volume-box"
        >
          <i
            class="fishdicon fishdicon-sound-loud handle-audio-icon control-volume"
          />
        </div>
      </div>
    </div>
  </div>
  <div
    style="width:56px"
  >
    <div
      class="fishd-audio-player"
    >
      <div
        class="fishd-audio-player-wrap"
        title=""
      >
        <div
          class="audio-box"
        >
          <audio
            preload="metadata"
            src="//ysf.qiyukf.net/6DB6A44FF040D96551EC00507730FC4D.wav"
            volume="1"
          >
            您的浏览器不支持 audio 标签。
          </audio>
        </div>
        <div
          class="box pause-play-box pause-play-box-enable"
        >
          <i
            class="fishdicon fishdicon-play handle-audio-icon pause-play"
          />
        </div>
      </div>
    </div>
  </div>
  <div
    style="width:350px"
  >
    <div
      class="fishd-audio-player fishd-audio-player-sm"
    >
      <div
        class="fishd-audio-player-wrap fishd-audio-player-sm-wrap"
        title=""
      >
        <div
          class="audio-box"
        >
          <audio
            preload="metadata"
            src="//ysf.qiyukf.net/6DB6A44FF040D96551EC00507730FC4D.wav"
            volume="1"
          >
            您的浏览器不支持 audio 标签。
          </audio>
        </div>
        <div
          class="box pause-play-box pause-play-box-enable"
        >
          <i
            class="fishdicon fishdicon-play handle-audio-icon pause-play"
          />
        </div>
        <div
          class="box step-box"
        >
          <div
            class="fishd-slider"
          >
            <div
              class="fishd-slider-all-handle"
              style="position:absolute"
            />
            <div
              class="fishd-slider-rail"
            />
            <div
              class="fishd-slider-track"
              style="left:0%;width:NaN%"
            />
            <div
              class="fishd-slider-step"
            />
            <div
              aria-disabled="false"
              aria-valuemax="0"
              aria-valuemin="0"
              aria-valuenow="0"
              class="fishd-slider-handle"
              role="slider"
              style="left:NaN%"
              tabindex="0"
            />
            <div
              class="fishd-slider-mark"
            />
          </div>
        </div>
        <div
          class="box time-box"
        >
          <span
            class="current"
          >
            0:00 / 0:00
          </span>
        </div>
        <div
          class="box volume-box"
        >
          <i
            class="fishdicon fishdicon-sound-loud handle-audio-icon control-volume"
          />
        </div>
        <p
          class="box rate-box"
        >
          1.0x
        </p>
        <div
          class="box download-box"
        >
          <a
            download=""
            href="//ysf.qiyukf.net/6DB6A44FF040D96551EC00507730FC4D.wav"
            rel="noopener noreferrer"
            target="_blank"
          >
            <i
              class="fishdicon fishdicon-sound-download handle-audio-icon download"
            />
          </a>
        </div>
      </div>
    </div>
  </div>
  <div
    style="width:350px"
  >
    <div
      class="fishd-audio-player"
    >
      <div
        class="fishd-audio-player-wrap"
        title=""
      >
        <div
          class="audio-box"
        >
          <audio
            preload="metadata"
            src="//ysf.qiyukf.net/6DB6A44FF040D96551EC00507730FC4D.wav"
            volume="1"
          >
            您的浏览器不支持 audio 标签。
          </audio>
        </div>
        <div
          class="box pause-play-box pause-play-box-enable"
        >
          <i
            class="fishdicon fishdicon-play handle-audio-icon pause-play"
          />
        </div>
        <div
          class="box step-box"
        >
          <div
            class="fishd-slider"
          >
            <div
              class="fishd-slider-all-handle"
              style="position:absolute"
            />
            <div
              class="fishd-slider-rail"
            />
            <div
              class="fishd-slider-track"
              style="left:0%;width:NaN%"
            />
            <div
              class="fishd-slider-step"
            />
            <div
              aria-disabled="false"
              aria-valuemax="0"
              aria-valuemin="0"
              aria-valuenow="0"
              class="fishd-slider-handle"
              role="slider"
              style="left:NaN%"
              tabindex="0"
            />
            <div
              class="fishd-slider-mark"
            />
          </div>
        </div>
        <div
          class="box time-box"
        >
          <span
            class="current"
          >
            0:00 / 0:00
          </span>
        </div>
        <div
          class="box volume-box"
        >
          <i
            class="fishdicon fishdicon-sound-loud handle-audio-icon control-volume"
          />
        </div>
        <div
          class="box download-box"
        >
          <a
            download=""
            href="//ysf.qiyukf.net/6DB6A44FF040D96551EC00507730FC4D.wav"
            rel="noopener noreferrer"
            target="_blank"
          >
            <i
              class="fishdicon fishdicon-sound-download handle-audio-icon download"
            />
          </a>
        </div>
      </div>
    </div>
  </div>
</div>
`;
